src/App.tsx(1,1): error TS6133: 'React' is declared but its value is never read.
src/components/ui/BackgroundEffect.tsx(1,8): error TS6133: 'React' is declared but its value is never read.
src/components/ui/BackgroundEffect.tsx(33,21): error TS2322: Type '{ children: string; key: number; className: string; style: { left: string; fontSize: string; }; animate: { y: number[]; opacity: number[]; rotate: number[]; }; transition: { duration: number; repeat: number; delay: number; ease: string; }; }' is not assignable to type 'IntrinsicAttributes & Omit<HTMLMotionProps<"div">, "ref"> & RefAttributes<HTMLDivElement>'.
  Property 'animate' does not exist on type 'IntrinsicAttributes & Omit<HTMLMotionProps<"div">, "ref"> & RefAttributes<HTMLDivElement>'.
src/Layout.tsx(1,1): error TS6133: 'React' is declared but its value is never read.
src/pages/Dashboard.tsx(1,1): error TS6133: 'React' is declared but its value is never read.
src/pages/Dashboard.tsx(67,37): error TS2322: Type '{ initial: { height: number; }; animate: { height: string; }; transition: { duration: number; delay: number; }; className: string; }' is not assignable to type 'IntrinsicAttributes & Omit<HTMLMotionProps<"div">, "ref"> & RefAttributes<HTMLDivElement>'.
  Property 'initial' does not exist on type 'IntrinsicAttributes & Omit<HTMLMotionProps<"div">, "ref"> & RefAttributes<HTMLDivElement>'.
src/pages/Dashboard.tsx(121,13): error TS2322: Type '{ children: Element[]; whileHover: { y: number; }; className: string; }' is not assignable to type 'IntrinsicAttributes & Omit<HTMLMotionProps<"div">, "ref"> & RefAttributes<HTMLDivElement>'.
  Property 'whileHover' does not exist on type 'IntrinsicAttributes & Omit<HTMLMotionProps<"div">, "ref"> & RefAttributes<HTMLDivElement>'.
src/pages/Games.tsx(66,13): error TS2322: Type '{ children: Element[]; whileHover: { scale: number; }; whileTap: { scale: number; }; onClick: any; className: string; }' is not assignable to type 'IntrinsicAttributes & Omit<HTMLMotionProps<"button">, "ref"> & RefAttributes<HTMLButtonElement>'.
  Property 'whileHover' does not exist on type 'IntrinsicAttributes & Omit<HTMLMotionProps<"button">, "ref"> & RefAttributes<HTMLButtonElement>'.
src/pages/Games.tsx(151,25): error TS2322: Type '{ children: Element[]; initial: { scale: number; opacity: number; }; animate: { scale: number; opacity: number; }; className: string; }' is not assignable to type 'IntrinsicAttributes & Omit<HTMLMotionProps<"div">, "ref"> & RefAttributes<HTMLDivElement>'.
  Property 'initial' does not exist on type 'IntrinsicAttributes & Omit<HTMLMotionProps<"div">, "ref"> & RefAttributes<HTMLDivElement>'.
src/pages/Games.tsx(188,15): error TS6133: 'pipeSpacing' is declared but its value is never read.
src/pages/Games.tsx(436,25): error TS2322: Type '{ children: Element[]; initial: { scale: number; opacity: number; }; animate: { scale: number; opacity: number; }; className: string; }' is not assignable to type 'IntrinsicAttributes & Omit<HTMLMotionProps<"div">, "ref"> & RefAttributes<HTMLDivElement>'.
  Property 'initial' does not exist on type 'IntrinsicAttributes & Omit<HTMLMotionProps<"div">, "ref"> & RefAttributes<HTMLDivElement>'.
src/pages/Games.tsx(515,25): error TS2322: Type '{ children: Element; initial: { opacity: number; y: number; }; animate: { opacity: number; y: number; }; className: string; }' is not assignable to type 'IntrinsicAttributes & Omit<HTMLMotionProps<"div">, "ref"> & RefAttributes<HTMLDivElement>'.
  Property 'initial' does not exist on type 'IntrinsicAttributes & Omit<HTMLMotionProps<"div">, "ref"> & RefAttributes<HTMLDivElement>'.
src/pages/LandingPage.tsx(18,25): error TS2322: Type '{ children: Element[]; initial: { opacity: number; y: number; }; animate: { opacity: number; y: number; }; transition: { duration: number; }; }' is not assignable to type 'IntrinsicAttributes & Omit<HTMLMotionProps<"div">, "ref"> & RefAttributes<HTMLDivElement>'.
  Property 'initial' does not exist on type 'IntrinsicAttributes & Omit<HTMLMotionProps<"div">, "ref"> & RefAttributes<HTMLDivElement>'.
src/pages/LandingPage.tsx(51,21): error TS2322: Type '{ children: Element[]; className: string; initial: { opacity: number; scale: number; }; whileInView: { opacity: number; scale: number; }; viewport: { once: boolean; }; }' is not assignable to type 'IntrinsicAttributes & Omit<HTMLMotionProps<"div">, "ref"> & RefAttributes<HTMLDivElement>'.
  Property 'initial' does not exist on type 'IntrinsicAttributes & Omit<HTMLMotionProps<"div">, "ref"> & RefAttributes<HTMLDivElement>'.
src/pages/LandingPage.tsx(110,13): error TS2322: Type '{ children: Element[]; whileHover: { y: number; }; className: string; }' is not assignable to type 'IntrinsicAttributes & Omit<HTMLMotionProps<"div">, "ref"> & RefAttributes<HTMLDivElement>'.
  Property 'whileHover' does not exist on type 'IntrinsicAttributes & Omit<HTMLMotionProps<"div">, "ref"> & RefAttributes<HTMLDivElement>'.
src/pages/SecretLetter.tsx(40,33): error TS2322: Type '{ children: Element; initial: { scale: number; opacity: number; }; animate: { scale: number; opacity: number; }; exit: { scale: number; opacity: number; }; className: string; onClick: () => void; }' is not assignable to type 'IntrinsicAttributes & Omit<HTMLMotionProps<"div">, "ref"> & RefAttributes<HTMLDivElement>'.
  Property 'initial' does not exist on type 'IntrinsicAttributes & Omit<HTMLMotionProps<"div">, "ref"> & RefAttributes<HTMLDivElement>'.
src/pages/SecretLetter.tsx(58,33): error TS2322: Type '{ children: Element[]; initial: { rotateX: number; opacity: number; }; animate: { rotateX: number; opacity: number; }; transition: { type: string; stiffness: number; }; className: string; }' is not assignable to type 'IntrinsicAttributes & Omit<HTMLMotionProps<"div">, "ref"> & RefAttributes<HTMLDivElement>'.
  Property 'initial' does not exist on type 'IntrinsicAttributes & Omit<HTMLMotionProps<"div">, "ref"> & RefAttributes<HTMLDivElement>'.
src/pages/SecretLetter.tsx(91,17): error TS2322: Type '{ children: Element[]; initial: { y: number; opacity: number; }; animate: { y: number; opacity: number; }; className: string; }' is not assignable to type 'IntrinsicAttributes & Omit<HTMLMotionProps<"div">, "ref"> & RefAttributes<HTMLDivElement>'.
  Property 'initial' does not exist on type 'IntrinsicAttributes & Omit<HTMLMotionProps<"div">, "ref"> & RefAttributes<HTMLDivElement>'.
src/pages/SecretLetter.tsx(135,29): error TS2322: Type '{ children: Element[]; initial: { height: number; opacity: number; }; animate: { height: string; opacity: number; }; className: string; }' is not assignable to type 'IntrinsicAttributes & Omit<HTMLMotionProps<"div">, "ref"> & RefAttributes<HTMLDivElement>'.
  Property 'initial' does not exist on type 'IntrinsicAttributes & Omit<HTMLMotionProps<"div">, "ref"> & RefAttributes<HTMLDivElement>'.
